Archive member included to satisfy reference by file (symbol)

.pio\build\vsdsquadronMini\libFrameworkNoneOSVariant.a(ch32v00x_gpio.o)
                              .pio\build\vsdsquadronMini\FrameworkNoneOSDebug\debug.o (GPIO_Init)
.pio\build\vsdsquadronMini\libFrameworkNoneOSVariant.a(ch32v00x_rcc.o)
                              .pio\build\vsdsquadronMini\FrameworkNoneOSSSystem\system_ch32v00x.o (RCC_AdjustHSICalibrationValue)
.pio\build\vsdsquadronMini\libFrameworkNoneOSVariant.a(ch32v00x_usart.o)
                              .pio\build\vsdsquadronMini\FrameworkNoneOSDebug\debug.o (USART_Init)
c:/users/rushi/.platformio/packages/toolchain-riscv/bin/../lib/gcc/riscv-none-embed/8.2.0/rv32ecxw/ilp32e\libgcc.a(save-restore.o)
                              .pio\build\vsdsquadronMini\FrameworkNoneOSDebug\debug.o (__riscv_save_2)
c:/users/rushi/.platformio/packages/toolchain-riscv/bin/../lib/gcc/riscv-none-embed/8.2.0/rv32ecxw/ilp32e\libgcc.a(muldi3.o)
                              .pio\build\vsdsquadronMini\FrameworkNoneOSDebug\debug.o (__mulsi3)
c:/users/rushi/.platformio/packages/toolchain-riscv/bin/../lib/gcc/riscv-none-embed/8.2.0/rv32ecxw/ilp32e\libgcc.a(div.o)
                              .pio\build\vsdsquadronMini\libFrameworkNoneOSVariant.a(ch32v00x_usart.o) (__divsi3)
c:/users/rushi/.platformio/packages/toolchain-riscv/bin/../lib/gcc/riscv-none-embed/8.2.0/../../../../riscv-none-embed/lib/rv32ecxw/ilp32e\libc_nano.a(lib_a-init.o)
                              .pio\build\vsdsquadronMini\FrameworkNoneOSStartup\startup_ch32v00x.o (__libc_init_array)
c:/users/rushi/.platformio/packages/toolchain-riscv/bin/../lib/gcc/riscv-none-embed/8.2.0/../../../../riscv-none-embed/lib/rv32ecxw/ilp32e\libc_nano.a(lib_a-memcpy.o)
                              .pio\build\vsdsquadronMini\src\eventq.o (memcpy)
c:/users/rushi/.platformio/packages/toolchain-riscv/bin/../lib/gcc/riscv-none-embed/8.2.0/../../../../riscv-none-embed/lib/rv32ecxw/ilp32e\libc_nano.a(lib_a-strncpy.o)
                              .pio\build\vsdsquadronMini\src\eventq.o (strncpy)

Discarded input sections

 .text          0x0000000000000000        0x0 .pio\build\vsdsquadronMini\FrameworkNoneOSCore\core_riscv.o
 .data          0x0000000000000000        0x0 .pio\build\vsdsquadronMini\FrameworkNoneOSCore\core_riscv.o
 .bss           0x0000000000000000        0x0 .pio\build\vsdsquadronMini\FrameworkNoneOSCore\core_riscv.o
 .text.__get_MSTATUS
                0x0000000000000000        0x6 .pio\build\vsdsquadronMini\FrameworkNoneOSCore\core_riscv.o
 .text.__set_MSTATUS
                0x0000000000000000        0x6 .pio\build\vsdsquadronMini\FrameworkNoneOSCore\core_riscv.o
 .text.__get_MISA
                0x0000000000000000        0x6 .pio\build\vsdsquadronMini\FrameworkNoneOSCore\core_riscv.o
 .text.__set_MISA
                0x0000000000000000        0x6 .pio\build\vsdsquadronMini\FrameworkNoneOSCore\core_riscv.o
 .text.__get_MTVEC
                0x0000000000000000        0x6 .pio\build\vsdsquadronMini\FrameworkNoneOSCore\core_riscv.o
 .text.__set_MTVEC
                0x0000000000000000        0x6 .pio\build\vsdsquadronMini\FrameworkNoneOSCore\core_riscv.o
 .text.__get_MSCRATCH
                0x0000000000000000        0x6 .pio\build\vsdsquadronMini\FrameworkNoneOSCore\core_riscv.o
 .text.__set_MSCRATCH
                0x0000000000000000        0x6 .pio\build\vsdsquadronMini\FrameworkNoneOSCore\core_riscv.o
 .text.__get_MEPC
                0x0000000000000000        0x6 .pio\build\vsdsquadronMini\FrameworkNoneOSCore\core_riscv.o
 .text.__set_MEPC
                0x0000000000000000        0x6 .pio\build\vsdsquadronMini\FrameworkNoneOSCore\core_riscv.o
 .text.__get_MCAUSE
                0x0000000000000000        0x6 .pio\build\vsdsquadronMini\FrameworkNoneOSCore\core_riscv.o
 .text.__set_MCAUSE
                0x0000000000000000        0x6 .pio\build\vsdsquadronMini\FrameworkNoneOSCore\core_riscv.o
 .text.__get_MVENDORID
                0x0000000000000000        0x6 .pio\build\vsdsquadronMini\FrameworkNoneOSCore\core_riscv.o
 .text.__get_MARCHID
                0x0000000000000000        0x6 .pio\build\vsdsquadronMini\FrameworkNoneOSCore\core_riscv.o
 .text.__get_MIMPID
                0x0000000000000000        0x6 .pio\build\vsdsquadronMini\FrameworkNoneOSCore\core_riscv.o
 .text.__get_MHARTID
                0x0000000000000000        0x6 .pio\build\vsdsquadronMini\FrameworkNoneOSCore\core_riscv.o
 .text.__get_SP
                0x0000000000000000        0x4 .pio\build\vsdsquadronMini\FrameworkNoneOSCore\core_riscv.o
 .highcode      0x0000000000000000        0xa .pio\build\vsdsquadronMini\FrameworkNoneOSCore\core_riscv.o
 .debug_info    0x0000000000000000      0x357 .pio\build\vsdsquadronMini\FrameworkNoneOSCore\core_riscv.o
 .debug_abbrev  0x0000000000000000      0x11e .pio\build\vsdsquadronMini\FrameworkNoneOSCore\core_riscv.o
 .debug_aranges
                0x0000000000000000       0xa8 .pio\build\vsdsquadronMini\FrameworkNoneOSCore\core_riscv.o
 .debug_ranges  0x0000000000000000       0x98 .pio\build\vsdsquadronMini\FrameworkNoneOSCore\core_riscv.o
 .debug_line    0x0000000000000000      0x44f .pio\build\vsdsquadronMini\FrameworkNoneOSCore\core_riscv.o
 .debug_str     0x0000000000000000      0x2eb .pio\build\vsdsquadronMini\FrameworkNoneOSCore\core_riscv.o
 .comment       0x0000000000000000       0x34 .pio\build\vsdsquadronMini\FrameworkNoneOSCore\core_riscv.o
 .debug_frame   0x0000000000000000      0x130 .pio\build\vsdsquadronMini\FrameworkNoneOSCore\core_riscv.o
 .text          0x0000000000000000        0x0 .pio\build\vsdsquadronMini\FrameworkNoneOSStartup\startup_ch32v00x.o
 .data          0x0000000000000000        0x0 .pio\build\vsdsquadronMini\FrameworkNoneOSStartup\startup_ch32v00x.o
 .bss           0x0000000000000000        0x0 .pio\build\vsdsquadronMini\FrameworkNoneOSStartup\startup_ch32v00x.o
 .text          0x0000000000000000        0x0 .pio\build\vsdsquadronMini\FrameworkNoneOSSSystem\system_ch32v00x.o
 .data          0x0000000000000000        0x0 .pio\build\vsdsquadronMini\FrameworkNoneOSSSystem\system_ch32v00x.o
 .bss           0x0000000000000000        0x0 .pio\build\vsdsquadronMini\FrameworkNoneOSSSystem\system_ch32v00x.o
 .text.SystemCoreClockUpdate
                0x0000000000000000       0x78 .pio\build\vsdsquadronMini\FrameworkNoneOSSSystem\system_ch32v00x.o
 .data.AHBPrescTable
                0x0000000000000000       0x10 .pio\build\vsdsquadronMini\FrameworkNoneOSSSystem\system_ch32v00x.o
 .data.SystemCoreClock
                0x0000000000000000        0x4 .pio\build\vsdsquadronMini\FrameworkNoneOSSSystem\system_ch32v00x.o
 .text          0x0000000000000000        0x0 .pio\build\vsdsquadronMini\FrameworkNoneOSDebug\debug.o
 .data          0x0000000000000000        0x0 .pio\build\vsdsquadronMini\FrameworkNoneOSDebug\debug.o
 .bss           0x0000000000000000        0x0 .pio\build\vsdsquadronMini\FrameworkNoneOSDebug\debug.o
 .text.Delay_Init
                0x0000000000000000       0x48 .pio\build\vsdsquadronMini\FrameworkNoneOSDebug\debug.o
 .text.Delay_Us
                0x0000000000000000       0x4a .pio\build\vsdsquadronMini\FrameworkNoneOSDebug\debug.o
 .text.Delay_Ms
                0x0000000000000000       0x4a .pio\build\vsdsquadronMini\FrameworkNoneOSDebug\debug.o
 .text.USART_Printf_Init
                0x0000000000000000       0x74 .pio\build\vsdsquadronMini\FrameworkNoneOSDebug\debug.o
 .text.SDI_Printf_Enable
                0x0000000000000000       0x2a .pio\build\vsdsquadronMini\FrameworkNoneOSDebug\debug.o
 .text._write   0x0000000000000000       0x60 .pio\build\vsdsquadronMini\FrameworkNoneOSDebug\debug.o
 .text._sbrk    0x0000000000000000       0x2e .pio\build\vsdsquadronMini\FrameworkNoneOSDebug\debug.o
 .bss.p_ms      0x0000000000000000        0x2 .pio\build\vsdsquadronMini\FrameworkNoneOSDebug\debug.o
 .bss.p_us      0x0000000000000000        0x1 .pio\build\vsdsquadronMini\FrameworkNoneOSDebug\debug.o
 .data.curbrk.4091
                0x0000000000000000        0x4 .pio\build\vsdsquadronMini\FrameworkNoneOSDebug\debug.o
 .debug_info    0x0000000000000000      0xf37 .pio\build\vsdsquadronMini\FrameworkNoneOSDebug\debug.o
 .debug_abbrev  0x0000000000000000      0x30f .pio\build\vsdsquadronMini\FrameworkNoneOSDebug\debug.o
 .debug_loc     0x0000000000000000      0x19c .pio\build\vsdsquadronMini\FrameworkNoneOSDebug\debug.o
 .debug_aranges
                0x0000000000000000       0x50 .pio\build\vsdsquadronMini\FrameworkNoneOSDebug\debug.o
 .debug_ranges  0x0000000000000000       0x40 .pio\build\vsdsquadronMini\FrameworkNoneOSDebug\debug.o
 .debug_line    0x0000000000000000      0x7d8 .pio\build\vsdsquadronMini\FrameworkNoneOSDebug\debug.o
 .debug_str     0x0000000000000000      0x968 .pio\build\vsdsquadronMini\FrameworkNoneOSDebug\debug.o
 .comment       0x0000000000000000       0x34 .pio\build\vsdsquadronMini\FrameworkNoneOSDebug\debug.o
 .debug_frame   0x0000000000000000       0xe4 .pio\build\vsdsquadronMini\FrameworkNoneOSDebug\debug.o
 .text          0x0000000000000000        0x0 .pio\build\vsdsquadronMini\FrameworkInitFini\cpp_support.o
 .data          0x0000000000000000        0x0 .pio\build\vsdsquadronMini\FrameworkInitFini\cpp_support.o
 .bss           0x0000000000000000        0x0 .pio\build\vsdsquadronMini\FrameworkInitFini\cpp_support.o
 .text          0x0000000000000000        0x0 .pio\build\vsdsquadronMini\src\eventq.o
 .data          0x0000000000000000        0x0 .pio\build\vsdsquadronMini\src\eventq.o
 .bss           0x0000000000000000        0x0 .pio\build\vsdsquadronMini\src\eventq.o
 .text.eventq_is_empty
                0x0000000000000000        0xa .pio\build\vsdsquadronMini\src\eventq.o
 .text          0x0000000000000000        0x0 .pio\build\vsdsquadronMini\src\gpio.o
 .data          0x0000000000000000        0x0 .pio\build\vsdsquadronMini\src\gpio.o
 .bss           0x0000000000000000        0x0 .pio\build\vsdsquadronMini\src\gpio.o
 .text.gpio_toggle
                0x0000000000000000        0xe .pio\build\vsdsquadronMini\src\gpio.o
 .text          0x0000000000000000        0x0 .pio\build\vsdsquadronMini\src\main.o
 .data          0x0000000000000000        0x0 .pio\build\vsdsquadronMini\src\main.o
 .bss           0x0000000000000000        0x0 .pio\build\vsdsquadronMini\src\main.o
 .text          0x0000000000000000        0x0 .pio\build\vsdsquadronMini\src\timer.o
 .data          0x0000000000000000        0x0 .pio\build\vsdsquadronMini\src\timer.o
 .bss           0x0000000000000000        0x0 .pio\build\vsdsquadronMini\src\timer.o
 .text          0x0000000000000000        0x0 .pio\build\vsdsquadronMini\src\uart.o
 .data          0x0000000000000000        0x0 .pio\build\vsdsquadronMini\src\uart.o
 .bss           0x0000000000000000        0x0 .pio\build\vsdsquadronMini\src\uart.o
 .text.uart_print_int
                0x0000000000000000       0x2e .pio\build\vsdsquadronMini\src\uart.o
 .text          0x0000000000000000        0x0 .pio\build\vsdsquadronMini\libFrameworkNoneOSVariant.a(ch32v00x_gpio.o)
 .data          0x0000000000000000        0x0 .pio\build\vsdsquadronMini\libFrameworkNoneOSVariant.a(ch32v00x_gpio.o)
 .bss           0x0000000000000000        0x0 .pio\build\vsdsquadronMini\libFrameworkNoneOSVariant.a(ch32v00x_gpio.o)
 .text.GPIO_DeInit
                0x0000000000000000       0x68 .pio\build\vsdsquadronMini\libFrameworkNoneOSVariant.a(ch32v00x_gpio.o)
 .text.GPIO_AFIODeInit
                0x0000000000000000       0x28 .pio\build\vsdsquadronMini\libFrameworkNoneOSVariant.a(ch32v00x_gpio.o)
 .text.GPIO_Init
                0x0000000000000000       0x7c .pio\build\vsdsquadronMini\libFrameworkNoneOSVariant.a(ch32v00x_gpio.o)
 .text.GPIO_StructInit
                0x0000000000000000        0xe .pio\build\vsdsquadronMini\libFrameworkNoneOSVariant.a(ch32v00x_gpio.o)
 .text.GPIO_ReadInputDataBit
                0x0000000000000000        0xa .pio\build\vsdsquadronMini\libFrameworkNoneOSVariant.a(ch32v00x_gpio.o)
 .text.GPIO_ReadInputData
                0x0000000000000000        0x8 .pio\build\vsdsquadronMini\libFrameworkNoneOSVariant.a(ch32v00x_gpio.o)
 .text.GPIO_ReadOutputDataBit
                0x0000000000000000        0xa .pio\build\vsdsquadronMini\libFrameworkNoneOSVariant.a(ch32v00x_gpio.o)
 .text.GPIO_ReadOutputData
                0x0000000000000000        0x8 .pio\build\vsdsquadronMini\libFrameworkNoneOSVariant.a(ch32v00x_gpio.o)
 .text.GPIO_SetBits
                0x0000000000000000        0x4 .pio\build\vsdsquadronMini\libFrameworkNoneOSVariant.a(ch32v00x_gpio.o)
 .text.GPIO_ResetBits
                0x0000000000000000        0x4 .pio\build\vsdsquadronMini\libFrameworkNoneOSVariant.a(ch32v00x_gpio.o)
 .text.GPIO_WriteBit
                0x0000000000000000        0xa .pio\build\vsdsquadronMini\libFrameworkNoneOSVariant.a(ch32v00x_gpio.o)
 .text.GPIO_Write
                0x0000000000000000        0x4 .pio\build\vsdsquadronMini\libFrameworkNoneOSVariant.a(ch32v00x_gpio.o)
 .text.GPIO_PinLockConfig
                0x0000000000000000       0x10 .pio\build\vsdsquadronMini\libFrameworkNoneOSVariant.a(ch32v00x_gpio.o)
 .text.GPIO_PinRemapConfig
                0x0000000000000000       0xc4 .pio\build\vsdsquadronMini\libFrameworkNoneOSVariant.a(ch32v00x_gpio.o)
 .text.GPIO_EXTILineConfig
                0x0000000000000000       0x22 .pio\build\vsdsquadronMini\libFrameworkNoneOSVariant.a(ch32v00x_gpio.o)
 .text.GPIO_IPD_Unused
                0x0000000000000000       0xa4 .pio\build\vsdsquadronMini\libFrameworkNoneOSVariant.a(ch32v00x_gpio.o)
 .debug_info    0x0000000000000000      0x786 .pio\build\vsdsquadronMini\libFrameworkNoneOSVariant.a(ch32v00x_gpio.o)
 .debug_abbrev  0x0000000000000000      0x1da .pio\build\vsdsquadronMini\libFrameworkNoneOSVariant.a(ch32v00x_gpio.o)
 .debug_loc     0x0000000000000000      0x5e2 .pio\build\vsdsquadronMini\libFrameworkNoneOSVariant.a(ch32v00x_gpio.o)
 .debug_aranges
                0x0000000000000000       0x98 .pio\build\vsdsquadronMini\libFrameworkNoneOSVariant.a(ch32v00x_gpio.o)
 .debug_ranges  0x0000000000000000       0x88 .pio\build\vsdsquadronMini\libFrameworkNoneOSVariant.a(ch32v00x_gpio.o)
 .debug_line    0x0000000000000000      0xbd6 .pio\build\vsdsquadronMini\libFrameworkNoneOSVariant.a(ch32v00x_gpio.o)
 .debug_str     0x0000000000000000      0x5c0 .pio\build\vsdsquadronMini\libFrameworkNoneOSVariant.a(ch32v00x_gpio.o)
 .comment       0x0000000000000000       0x34 .pio\build\vsdsquadronMini\libFrameworkNoneOSVariant.a(ch32v00x_gpio.o)
 .debug_frame   0x0000000000000000      0x154 .pio\build\vsdsquadronMini\libFrameworkNoneOSVariant.a(ch32v00x_gpio.o)
 .text          0x0000000000000000        0x0 .pio\build\vsdsquadronMini\libFrameworkNoneOSVariant.a(ch32v00x_rcc.o)
 .data          0x0000000000000000        0x0 .pio\build\vsdsquadronMini\libFrameworkNoneOSVariant.a(ch32v00x_rcc.o)
 .bss           0x0000000000000000        0x0 .pio\build\vsdsquadronMini\libFrameworkNoneOSVariant.a(ch32v00x_rcc.o)
 .text.RCC_HSEConfig
                0x0000000000000000       0x3c .pio\build\vsdsquadronMini\libFrameworkNoneOSVariant.a(ch32v00x_rcc.o)
 .text.RCC_DeInit
                0x0000000000000000       0x58 .pio\build\vsdsquadronMini\libFrameworkNoneOSVariant.a(ch32v00x_rcc.o)
 .text.RCC_HSICmd
                0x0000000000000000       0x14 .pio\build\vsdsquadronMini\libFrameworkNoneOSVariant.a(ch32v00x_rcc.o)
 .text.RCC_PLLConfig
                0x0000000000000000       0x12 .pio\build\vsdsquadronMini\libFrameworkNoneOSVariant.a(ch32v00x_rcc.o)
 .text.RCC_PLLCmd
                0x0000000000000000       0x24 .pio\build\vsdsquadronMini\libFrameworkNoneOSVariant.a(ch32v00x_rcc.o)
 .text.RCC_SYSCLKConfig
                0x0000000000000000       0x4e .pio\build\vsdsquadronMini\libFrameworkNoneOSVariant.a(ch32v00x_rcc.o)
 .text.RCC_GetSYSCLKSource
                0x0000000000000000        0xa .pio\build\vsdsquadronMini\libFrameworkNoneOSVariant.a(ch32v00x_rcc.o)
 .text.RCC_HCLKConfig
                0x0000000000000000       0x10 .pio\build\vsdsquadronMini\libFrameworkNoneOSVariant.a(ch32v00x_rcc.o)
 .text.RCC_ITConfig
                0x0000000000000000       0x16 .pio\build\vsdsquadronMini\libFrameworkNoneOSVariant.a(ch32v00x_rcc.o)
 .text.RCC_ADCCLKConfig
                0x0000000000000000       0x14 .pio\build\vsdsquadronMini\libFrameworkNoneOSVariant.a(ch32v00x_rcc.o)
 .text.RCC_LSICmd
                0x0000000000000000       0x14 .pio\build\vsdsquadronMini\libFrameworkNoneOSVariant.a(ch32v00x_rcc.o)
 .text.RCC_GetClocksFreq
                0x0000000000000000       0xb2 .pio\build\vsdsquadronMini\libFrameworkNoneOSVariant.a(ch32v00x_rcc.o)
 .text.RCC_AHBPeriphClockCmd
                0x0000000000000000       0x1e .pio\build\vsdsquadronMini\libFrameworkNoneOSVariant.a(ch32v00x_rcc.o)
 .text.RCC_APB2PeriphClockCmd
                0x0000000000000000       0x1e .pio\build\vsdsquadronMini\libFrameworkNoneOSVariant.a(ch32v00x_rcc.o)
 .text.RCC_APB1PeriphClockCmd
                0x0000000000000000       0x1e .pio\build\vsdsquadronMini\libFrameworkNoneOSVariant.a(ch32v00x_rcc.o)
 .text.RCC_APB2PeriphResetCmd
                0x0000000000000000       0x1e .pio\build\vsdsquadronMini\libFrameworkNoneOSVariant.a(ch32v00x_rcc.o)
 .text.RCC_APB1PeriphResetCmd
                0x0000000000000000       0x1e .pio\build\vsdsquadronMini\libFrameworkNoneOSVariant.a(ch32v00x_rcc.o)
 .text.RCC_ClockSecuritySystemCmd
                0x0000000000000000       0x24 .pio\build\vsdsquadronMini\libFrameworkNoneOSVariant.a(ch32v00x_rcc.o)
 .text.RCC_MCOConfig
                0x0000000000000000        0x8 .pio\build\vsdsquadronMini\libFrameworkNoneOSVariant.a(ch32v00x_rcc.o)
 .text.RCC_GetFlagStatus
                0x0000000000000000       0x20 .pio\build\vsdsquadronMini\libFrameworkNoneOSVariant.a(ch32v00x_rcc.o)
 .text.RCC_WaitForHSEStartUp
                0x0000000000000000       0x42 .pio\build\vsdsquadronMini\libFrameworkNoneOSVariant.a(ch32v00x_rcc.o)
 .text.RCC_ClearFlag
                0x0000000000000000       0x10 .pio\build\vsdsquadronMini\libFrameworkNoneOSVariant.a(ch32v00x_rcc.o)
 .text.RCC_GetITStatus
                0x0000000000000000        0xe .pio\build\vsdsquadronMini\libFrameworkNoneOSVariant.a(ch32v00x_rcc.o)
 .text.RCC_ClearITPendingBit
                0x0000000000000000        0x8 .pio\build\vsdsquadronMini\libFrameworkNoneOSVariant.a(ch32v00x_rcc.o)
 .data.ADCPrescTable
                0x0000000000000000       0x14 .pio\build\vsdsquadronMini\libFrameworkNoneOSVariant.a(ch32v00x_rcc.o)
 .data.APBAHBPrescTable
                0x0000000000000000       0x10 .pio\build\vsdsquadronMini\libFrameworkNoneOSVariant.a(ch32v00x_rcc.o)
 .text          0x0000000000000000        0x0 .pio\build\vsdsquadronMini\libFrameworkNoneOSVariant.a(ch32v00x_usart.o)
 .data          0x0000000000000000        0x0 .pio\build\vsdsquadronMini\libFrameworkNoneOSVariant.a(ch32v00x_usart.o)
 .bss           0x0000000000000000        0x0 .pio\build\vsdsquadronMini\libFrameworkNoneOSVariant.a(ch32v00x_usart.o)
 .text.USART_DeInit
                0x0000000000000000       0x36 .pio\build\vsdsquadronMini\libFrameworkNoneOSVariant.a(ch32v00x_usart.o)
 .text.USART_Init
                0x0000000000000000       0xee .pio\build\vsdsquadronMini\libFrameworkNoneOSVariant.a(ch32v00x_usart.o)
 .text.USART_StructInit
                0x0000000000000000       0x18 .pio\build\vsdsquadronMini\libFrameworkNoneOSVariant.a(ch32v00x_usart.o)
 .text.USART_ClockInit
                0x0000000000000000       0x1e .pio\build\vsdsquadronMini\libFrameworkNoneOSVariant.a(ch32v00x_usart.o)
 .text.USART_ClockStructInit
                0x0000000000000000       0x12 .pio\build\vsdsquadronMini\libFrameworkNoneOSVariant.a(ch32v00x_usart.o)
 .text.USART_Cmd
                0x0000000000000000       0x16 .pio\build\vsdsquadronMini\libFrameworkNoneOSVariant.a(ch32v00x_usart.o)
 .text.USART_ITConfig
                0x0000000000000000       0x36 .pio\build\vsdsquadronMini\libFrameworkNoneOSVariant.a(ch32v00x_usart.o)
 .text.USART_DMACmd
                0x0000000000000000       0x12 .pio\build\vsdsquadronMini\libFrameworkNoneOSVariant.a(ch32v00x_usart.o)
 .text.USART_SetAddress
                0x0000000000000000       0x16 .pio\build\vsdsquadronMini\libFrameworkNoneOSVariant.a(ch32v00x_usart.o)
 .text.USART_WakeUpConfig
                0x0000000000000000       0x14 .pio\build\vsdsquadronMini\libFrameworkNoneOSVariant.a(ch32v00x_usart.o)
 .text.USART_ReceiverWakeUpCmd
                0x0000000000000000       0x18 .pio\build\vsdsquadronMini\libFrameworkNoneOSVariant.a(ch32v00x_usart.o)
 .text.USART_LINBreakDetectLengthConfig
                0x0000000000000000       0x18 .pio\build\vsdsquadronMini\libFrameworkNoneOSVariant.a(ch32v00x_usart.o)
 .text.USART_LINCmd
                0x0000000000000000       0x16 .pio\build\vsdsquadronMini\libFrameworkNoneOSVariant.a(ch32v00x_usart.o)
 .text.USART_SendData
                0x0000000000000000        0x8 .pio\build\vsdsquadronMini\libFrameworkNoneOSVariant.a(ch32v00x_usart.o)
 .text.USART_ReceiveData
                0x0000000000000000        0x8 .pio\build\vsdsquadronMini\libFrameworkNoneOSVariant.a(ch32v00x_usart.o)
 .text.USART_SendBreak
                0x0000000000000000        0xa .pio\build\vsdsquadronMini\libFrameworkNoneOSVariant.a(ch32v00x_usart.o)
 .text.USART_SetGuardTime
                0x0000000000000000       0x12 .pio\build\vsdsquadronMini\libFrameworkNoneOSVariant.a(ch32v00x_usart.o)
 .text.USART_SetPrescaler
                0x0000000000000000       0x18 .pio\build\vsdsquadronMini\libFrameworkNoneOSVariant.a(ch32v00x_usart.o)
 .text.USART_SmartCardCmd
                0x0000000000000000       0x1a .pio\build\vsdsquadronMini\libFrameworkNoneOSVariant.a(ch32v00x_usart.o)
 .text.USART_SmartCardNACKCmd
                0x0000000000000000       0x18 .pio\build\vsdsquadronMini\libFrameworkNoneOSVariant.a(ch32v00x_usart.o)
 .text.USART_HalfDuplexCmd
                0x0000000000000000       0x18 .pio\build\vsdsquadronMini\libFrameworkNoneOSVariant.a(ch32v00x_usart.o)
 .text.USART_OverSampling8Cmd
                0x0000000000000000       0x12 .pio\build\vsdsquadronMini\libFrameworkNoneOSVariant.a(ch32v00x_usart.o)
 .text.USART_OneBitMethodCmd
                0x0000000000000000       0x1e .pio\build\vsdsquadronMini\libFrameworkNoneOSVariant.a(ch32v00x_usart.o)
 .text.USART_IrDAConfig
                0x0000000000000000       0x16 .pio\build\vsdsquadronMini\libFrameworkNoneOSVariant.a(ch32v00x_usart.o)
 .text.USART_IrDACmd
                0x0000000000000000       0x18 .pio\build\vsdsquadronMini\libFrameworkNoneOSVariant.a(ch32v00x_usart.o)
 .text.USART_GetFlagStatus
                0x0000000000000000        0xa .pio\build\vsdsquadronMini\libFrameworkNoneOSVariant.a(ch32v00x_usart.o)
 .text.USART_ClearFlag
                0x0000000000000000        0xc .pio\build\vsdsquadronMini\libFrameworkNoneOSVariant.a(ch32v00x_usart.o)
 .text.USART_GetITStatus
                0x0000000000000000       0x3c .pio\build\vsdsquadronMini\libFrameworkNoneOSVariant.a(ch32v00x_usart.o)
 .text.USART_ClearITPendingBit
                0x0000000000000000       0x14 .pio\build\vsdsquadronMini\libFrameworkNoneOSVariant.a(ch32v00x_usart.o)
 .debug_info    0x0000000000000000      0xaa3 .pio\build\vsdsquadronMini\libFrameworkNoneOSVariant.a(ch32v00x_usart.o)
 .debug_abbrev  0x0000000000000000      0x212 .pio\build\vsdsquadronMini\libFrameworkNoneOSVariant.a(ch32v00x_usart.o)
 .debug_loc     0x0000000000000000      0x735 .pio\build\vsdsquadronMini\libFrameworkNoneOSVariant.a(ch32v00x_usart.o)
 .debug_aranges
                0x0000000000000000      0x100 .pio\build\vsdsquadronMini\libFrameworkNoneOSVariant.a(ch32v00x_usart.o)
 .debug_ranges  0x0000000000000000       0xf0 .pio\build\vsdsquadronMini\libFrameworkNoneOSVariant.a(ch32v00x_usart.o)
 .debug_line    0x0000000000000000      0xee7 .pio\build\vsdsquadronMini\libFrameworkNoneOSVariant.a(ch32v00x_usart.o)
 .debug_str     0x0000000000000000      0x77d .pio\build\vsdsquadronMini\libFrameworkNoneOSVariant.a(ch32v00x_usart.o)
 .comment       0x0000000000000000       0x34 .pio\build\vsdsquadronMini\libFrameworkNoneOSVariant.a(ch32v00x_usart.o)
 .debug_frame   0x0000000000000000      0x204 .pio\build\vsdsquadronMini\libFrameworkNoneOSVariant.a(ch32v00x_usart.o)
 .data          0x0000000000000000        0x0 c:/users/rushi/.platformio/packages/toolchain-riscv/bin/../lib/gcc/riscv-none-embed/8.2.0/rv32ecxw/ilp32e\libgcc.a(save-restore.o)
 .bss           0x0000000000000000        0x0 c:/users/rushi/.platformio/packages/toolchain-riscv/bin/../lib/gcc/riscv-none-embed/8.2.0/rv32ecxw/ilp32e\libgcc.a(save-restore.o)
 .eh_frame      0x0000000000000000       0x68 c:/users/rushi/.platformio/packages/toolchain-riscv/bin/../lib/gcc/riscv-none-embed/8.2.0/rv32ecxw/ilp32e\libgcc.a(save-restore.o)
 .text          0x0000000000000000       0x18 c:/users/rushi/.platformio/packages/toolchain-riscv/bin/../lib/gcc/riscv-none-embed/8.2.0/rv32ecxw/ilp32e\libgcc.a(muldi3.o)
 .data          0x0000000000000000        0x0 c:/users/rushi/.platformio/packages/toolchain-riscv/bin/../lib/gcc/riscv-none-embed/8.2.0/rv32ecxw/ilp32e\libgcc.a(muldi3.o)
 .bss           0x0000000000000000        0x0 c:/users/rushi/.platformio/packages/toolchain-riscv/bin/../lib/gcc/riscv-none-embed/8.2.0/rv32ecxw/ilp32e\libgcc.a(muldi3.o)
 .data          0x0000000000000000        0x0 c:/users/rushi/.platformio/packages/toolchain-riscv/bin/../lib/gcc/riscv-none-embed/8.2.0/rv32ecxw/ilp32e\libgcc.a(div.o)
 .bss           0x0000000000000000        0x0 c:/users/rushi/.platformio/packages/toolchain-riscv/bin/../lib/gcc/riscv-none-embed/8.2.0/rv32ecxw/ilp32e\libgcc.a(div.o)
 .text          0x0000000000000000        0x0 c:/users/rushi/.platformio/packages/toolchain-riscv/bin/../lib/gcc/riscv-none-embed/8.2.0/../../../../riscv-none-embed/lib/rv32ecxw/ilp32e\libc_nano.a(lib_a-init.o)
 .data          0x0000000000000000        0x0 c:/users/rushi/.platformio/packages/toolchain-riscv/bin/../lib/gcc/riscv-none-embed/8.2.0/../../../../riscv-none-embed/lib/rv32ecxw/ilp32e\libc_nano.a(lib_a-init.o)
 .bss           0x0000000000000000        0x0 c:/users/rushi/.platformio/packages/toolchain-riscv/bin/../lib/gcc/riscv-none-embed/8.2.0/../../../../riscv-none-embed/lib/rv32ecxw/ilp32e\libc_nano.a(lib_a-init.o)
 .text          0x0000000000000000        0x0 c:/users/rushi/.platformio/packages/toolchain-riscv/bin/../lib/gcc/riscv-none-embed/8.2.0/../../../../riscv-none-embed/lib/rv32ecxw/ilp32e\libc_nano.a(lib_a-memcpy.o)
 .data          0x0000000000000000        0x0 c:/users/rushi/.platformio/packages/toolchain-riscv/bin/../lib/gcc/riscv-none-embed/8.2.0/../../../../riscv-none-embed/lib/rv32ecxw/ilp32e\libc_nano.a(lib_a-memcpy.o)
 .bss           0x0000000000000000        0x0 c:/users/rushi/.platformio/packages/toolchain-riscv/bin/../lib/gcc/riscv-none-embed/8.2.0/../../../../riscv-none-embed/lib/rv32ecxw/ilp32e\libc_nano.a(lib_a-memcpy.o)
 .text          0x0000000000000000        0x0 c:/users/rushi/.platformio/packages/toolchain-riscv/bin/../lib/gcc/riscv-none-embed/8.2.0/../../../../riscv-none-embed/lib/rv32ecxw/ilp32e\libc_nano.a(lib_a-strncpy.o)
 .data          0x0000000000000000        0x0 c:/users/rushi/.platformio/packages/toolchain-riscv/bin/../lib/gcc/riscv-none-embed/8.2.0/../../../../riscv-none-embed/lib/rv32ecxw/ilp32e\libc_nano.a(lib_a-strncpy.o)
 .bss           0x0000000000000000        0x0 c:/users/rushi/.platformio/packages/toolchain-riscv/bin/../lib/gcc/riscv-none-embed/8.2.0/../../../../riscv-none-embed/lib/rv32ecxw/ilp32e\libc_nano.a(lib_a-strncpy.o)

Memory Configuration

Name             Origin             Length             Attributes
FLASH            0x0000000000000000 0x0000000000004000 xr
RAM              0x0000000020000000 0x0000000000000800 xrw
*default*        0x0000000000000000 0xffffffffffffffff

Linker script and memory map

LOAD .pio\build\vsdsquadronMini\FrameworkNoneOSCore\core_riscv.o
LOAD .pio\build\vsdsquadronMini\FrameworkNoneOSStartup\startup_ch32v00x.o
LOAD .pio\build\vsdsquadronMini\FrameworkNoneOSSSystem\system_ch32v00x.o
LOAD .pio\build\vsdsquadronMini\FrameworkNoneOSDebug\debug.o
LOAD .pio\build\vsdsquadronMini\FrameworkInitFini\cpp_support.o
LOAD .pio\build\vsdsquadronMini\src\eventq.o
LOAD .pio\build\vsdsquadronMini\src\gpio.o
LOAD .pio\build\vsdsquadronMini\src\main.o
LOAD .pio\build\vsdsquadronMini\src\timer.o
LOAD .pio\build\vsdsquadronMini\src\uart.o
START GROUP
LOAD c:/users/rushi/.platformio/packages/toolchain-riscv/bin/../lib/gcc/riscv-none-embed/8.2.0/../../../../riscv-none-embed/lib/rv32ecxw/ilp32e\libm.a
LOAD .pio\build\vsdsquadronMini\libFrameworkNoneOSVariant.a
END GROUP
LOAD c:/users/rushi/.platformio/packages/toolchain-riscv/bin/../lib/gcc/riscv-none-embed/8.2.0/rv32ecxw/ilp32e\libgcc.a
LOAD c:/users/rushi/.platformio/packages/toolchain-riscv/bin/../lib/gcc/riscv-none-embed/8.2.0/../../../../riscv-none-embed/lib/rv32ecxw/ilp32e\libc_nano.a
LOAD c:/users/rushi/.platformio/packages/toolchain-riscv/bin/../lib/gcc/riscv-none-embed/8.2.0/rv32ecxw/ilp32e\libgcc.a
START GROUP
LOAD c:/users/rushi/.platformio/packages/toolchain-riscv/bin/../lib/gcc/riscv-none-embed/8.2.0/rv32ecxw/ilp32e\libgcc.a
LOAD c:/users/rushi/.platformio/packages/toolchain-riscv/bin/../lib/gcc/riscv-none-embed/8.2.0/../../../../riscv-none-embed/lib/rv32ecxw/ilp32e\libc_nano.a
LOAD c:/users/rushi/.platformio/packages/toolchain-riscv/bin/../lib/gcc/riscv-none-embed/8.2.0/../../../../riscv-none-embed/lib/rv32ecxw/ilp32e\libnosys.a
END GROUP
START GROUP
LOAD c:/users/rushi/.platformio/packages/toolchain-riscv/bin/../lib/gcc/riscv-none-embed/8.2.0/rv32ecxw/ilp32e\libgcc.a
LOAD c:/users/rushi/.platformio/packages/toolchain-riscv/bin/../lib/gcc/riscv-none-embed/8.2.0/../../../../riscv-none-embed/lib/rv32ecxw/ilp32e\libc_nano.a
LOAD c:/users/rushi/.platformio/packages/toolchain-riscv/bin/../lib/gcc/riscv-none-embed/8.2.0/../../../../riscv-none-embed/lib/rv32ecxw/ilp32e\libnosys.a
END GROUP
                0x0000000000000100                __stack_size = 0x100
                [!provide]                        PROVIDE (_stack_size = __stack_size)

.init           0x0000000000000000       0xa0
                0x0000000000000000                _sinit = .
                0x0000000000000000                . = ALIGN (0x4)
 *(SORT_NONE(.init))
 .init          0x0000000000000000       0x9e .pio\build\vsdsquadronMini\FrameworkNoneOSStartup\startup_ch32v00x.o
                0x0000000000000000                _start
                0x00000000000000a0                . = ALIGN (0x4)
 *fill*         0x000000000000009e        0x2 
                0x00000000000000a0                _einit = .

.vector         0x00000000000000a0       0x20
 *(.vector)
                0x00000000000000c0                . = ALIGN (0x40)
 *fill*         0x00000000000000a0       0x20 

.highcode_initlalign
                0x00000000000000c0        0x0
                0x00000000000000c0                . = ALIGN (0x4)
                [!provide]                        PROVIDE (_highcode_init_lma = .)

.highcode_init  0x0000000020000000        0x0 load address 0x00000000000000c0
                [!provide]                        PROVIDE (_highcode_init_vma_start = .)
                0x0000000020000000                . = ALIGN (0x400)
 *(.vector)
 *(SORT_NONE(.vector_handler))
 *(.highcode_init)
 *(.highcode_init.*)
                0x0000000020000000                . = ALIGN (0x4)
                [!provide]                        PROVIDE (_highcode_init_vma_end = .)

.highcodelalign
                0x00000000000000c0        0x0
                0x00000000000000c0                . = ALIGN (0x4)
                0x00000000000000c0                PROVIDE (_highcode_lma = .)

.highcode       0x0000000020000000        0x0 load address 0x00000000000000c0
                0x0000000020000000                . = ALIGN (0x4)
                0x0000000020000000                PROVIDE (_highcode_vma_start = .)
 *(.highcode)
 *(.highcode.*)
 *(.highcode_lp)
 *(.highcode_lp.*)
                0x0000000020000000                . = ALIGN (0x4)
                0x0000000020000000                PROVIDE (_highcode_vma_end = .)

.text           0x00000000000000c0      0xcd4
                0x00000000000000c0                . = ALIGN (0x4)
 *(.text)
 .text          0x00000000000000c0       0x14 c:/users/rushi/.platformio/packages/toolchain-riscv/bin/../lib/gcc/riscv-none-embed/8.2.0/rv32ecxw/ilp32e\libgcc.a(save-restore.o)
                0x00000000000000c0                __riscv_save_1
                0x00000000000000c0                __riscv_save_2
                0x00000000000000c0                __riscv_save_0
                0x00000000000000ca                __riscv_restore_0
                0x00000000000000ca                __riscv_restore_1
                0x00000000000000ca                __riscv_restore_2
 .text          0x00000000000000d4       0x7e c:/users/rushi/.platformio/packages/toolchain-riscv/bin/../lib/gcc/riscv-none-embed/8.2.0/rv32ecxw/ilp32e\libgcc.a(div.o)
                0x00000000000000d4                __divsi3
                0x00000000000000dc                __udivsi3
                0x0000000000000108                __umodsi3
                0x000000000000012c                __modsi3
 *(.text.*)
 .text.vector_handler
                0x0000000000000152        0x2 .pio\build\vsdsquadronMini\FrameworkNoneOSStartup\startup_ch32v00x.o
                0x0000000000000152                TIM1_CC_IRQHandler
                0x0000000000000152                HardFault_Handler
                0x0000000000000152                PVD_IRQHandler
                0x0000000000000152                NMI_Handler
                0x0000000000000152                SPI1_IRQHandler
                0x0000000000000152                AWU_IRQHandler
                0x0000000000000152                EXTI7_0_IRQHandler
                0x0000000000000152                DMA1_Channel4_IRQHandler
                0x0000000000000152                ADC1_IRQHandler
                0x0000000000000152                DMA1_Channel7_IRQHandler
                0x0000000000000152                I2C1_EV_IRQHandler
                0x0000000000000152                DMA1_Channel6_IRQHandler
                0x0000000000000152                RCC_IRQHandler
                0x0000000000000152                TIM1_TRG_COM_IRQHandler
                0x0000000000000152                DMA1_Channel1_IRQHandler
                0x0000000000000152                DMA1_Channel5_IRQHandler
                0x0000000000000152                DMA1_Channel3_IRQHandler
                0x0000000000000152                TIM1_UP_IRQHandler
                0x0000000000000152                WWDG_IRQHandler
                0x0000000000000152                TIM2_IRQHandler
                0x0000000000000152                SW_Handler
                0x0000000000000152                TIM1_BRK_IRQHandler
                0x0000000000000152                DMA1_Channel2_IRQHandler
                0x0000000000000152                FLASH_IRQHandler
                0x0000000000000152                USART1_IRQHandler
                0x0000000000000152                I2C1_ER_IRQHandler
 .text.handle_reset
                0x0000000000000154       0xb4 .pio\build\vsdsquadronMini\FrameworkNoneOSStartup\startup_ch32v00x.o
                0x0000000000000154                handle_reset
 .text.SystemInit
                0x0000000000000208       0x76 .pio\build\vsdsquadronMini\FrameworkNoneOSSSystem\system_ch32v00x.o
                0x0000000000000208                SystemInit
 .text._fini    0x000000000000027e        0x2 .pio\build\vsdsquadronMini\FrameworkInitFini\cpp_support.o
                0x000000000000027e                _fini
 .text._init    0x0000000000000280        0x2 .pio\build\vsdsquadronMini\FrameworkInitFini\cpp_support.o
                0x0000000000000280                _init
 .text.eventq_init
                0x0000000000000282        0xa .pio\build\vsdsquadronMini\src\eventq.o
                0x0000000000000282                eventq_init
 .text.eventq_push
                0x000000000000028c       0x5e .pio\build\vsdsquadronMini\src\eventq.o
                0x000000000000028c                eventq_push
 .text.eventq_pop
                0x00000000000002ea       0xa2 .pio\build\vsdsquadronMini\src\eventq.o
                0x00000000000002ea                eventq_pop
 .text.eventq_depth
                0x000000000000038c        0x6 .pio\build\vsdsquadronMini\src\eventq.o
                0x000000000000038c                eventq_depth
 .text.gpio_init
                0x0000000000000392       0xba .pio\build\vsdsquadronMini\src\gpio.o
                0x0000000000000392                gpio_init
 .text.gpio_write
                0x000000000000044c       0x1c .pio\build\vsdsquadronMini\src\gpio.o
                0x000000000000044c                gpio_write
 .text.gpio_read
                0x0000000000000468        0xa .pio\build\vsdsquadronMini\src\gpio.o
                0x0000000000000468                gpio_read
 .text.str_eq   0x0000000000000472       0x20 .pio\build\vsdsquadronMini\src\main.o
 .text.startup.main
                0x0000000000000492      0x39a .pio\build\vsdsquadronMini\src\main.o
                0x0000000000000492                main
 .text.SysTick_Handler
                0x000000000000082c       0x16 .pio\build\vsdsquadronMini\src\timer.o
                0x000000000000082c                SysTick_Handler
 .text.timer_init
                0x0000000000000842       0x30 .pio\build\vsdsquadronMini\src\timer.o
                0x0000000000000842                timer_init
 .text.timer_get_millis
                0x0000000000000872        0x6 .pio\build\vsdsquadronMini\src\timer.o
                0x0000000000000872                timer_get_millis
 .text._send_byte
                0x0000000000000878       0x18 .pio\build\vsdsquadronMini\src\uart.o
 .text.uart_init
                0x0000000000000890       0x7e .pio\build\vsdsquadronMini\src\uart.o
                0x0000000000000890                uart_init
 .text.uart_print
                0x000000000000090e       0x16 .pio\build\vsdsquadronMini\src\uart.o
                0x000000000000090e                uart_print
 .text.uart_println
                0x0000000000000924       0x12 .pio\build\vsdsquadronMini\src\uart.o
                0x0000000000000924                uart_println
 .text.uart_print_num
                0x0000000000000936       0x54 .pio\build\vsdsquadronMini\src\uart.o
                0x0000000000000936                uart_print_num
 .text.uart_rx_available
                0x000000000000098a        0xe .pio\build\vsdsquadronMini\src\uart.o
                0x000000000000098a                uart_rx_available
 .text.uart_read_byte
                0x0000000000000998        0xe .pio\build\vsdsquadronMini\src\uart.o
                0x0000000000000998                uart_read_byte
 .text.RCC_AdjustHSICalibrationValue
                0x00000000000009a6       0x12 .pio\build\vsdsquadronMini\libFrameworkNoneOSVariant.a(ch32v00x_rcc.o)
                0x00000000000009a6                RCC_AdjustHSICalibrationValue
 .text.__libc_init_array
                0x00000000000009b8       0x76 c:/users/rushi/.platformio/packages/toolchain-riscv/bin/../lib/gcc/riscv-none-embed/8.2.0/../../../../riscv-none-embed/lib/rv32ecxw/ilp32e\libc_nano.a(lib_a-init.o)
                0x00000000000009b8                __libc_init_array
 .text.memcpy   0x0000000000000a2e       0xd2 c:/users/rushi/.platformio/packages/toolchain-riscv/bin/../lib/gcc/riscv-none-embed/8.2.0/../../../../riscv-none-embed/lib/rv32ecxw/ilp32e\libc_nano.a(lib_a-memcpy.o)
                0x0000000000000a2e                memcpy
 .text.strncpy  0x0000000000000b00       0x24 c:/users/rushi/.platformio/packages/toolchain-riscv/bin/../lib/gcc/riscv-none-embed/8.2.0/../../../../riscv-none-embed/lib/rv32ecxw/ilp32e\libc_nano.a(lib_a-strncpy.o)
                0x0000000000000b00                strncpy
 *(.rodata)
 *(.rodata*)
 *fill*         0x0000000000000b24        0x0 
 .rodata.main.str1.4
                0x0000000000000b24      0x270 .pio\build\vsdsquadronMini\src\main.o
                                        0x272 (size before relaxing)
 *(.gnu.linkonce.t.*)
                0x0000000000000d94                . = ALIGN (0x4)
                0x0000000000000d94                __fsymtab_start = .
 *(FSymTab)
                0x0000000000000d94                __fsymtab_end = .
                0x0000000000000d94                . = ALIGN (0x4)
                0x0000000000000d94                __vsymtab_start = .
 *(VSymTab)
                0x0000000000000d94                __vsymtab_end = .
                0x0000000000000d94                . = ALIGN (0x4)
                0x0000000000000d94                . = ALIGN (0x4)
                0x0000000000000d94                __rt_init_start = .
 *(SORT_BY_NAME(.rti_fn*))
                0x0000000000000d94                __rt_init_end = .
                0x0000000000000d94                . = ALIGN (0x4)
                0x0000000000000d94                . = ALIGN (0x4)
                0x0000000000000d94                __rtmsymtab_start = .
 *(RTMSymTab)
                0x0000000000000d94                __rtmsymtab_end = .
                0x0000000000000d94                . = ALIGN (0x4)

.rela.dyn       0x0000000000000d94        0x0
 .rela.init     0x0000000000000d94        0x0 .pio\build\vsdsquadronMini\FrameworkNoneOSStartup\startup_ch32v00x.o
 .rela.text.handle_reset
                0x0000000000000d94        0x0 .pio\build\vsdsquadronMini\FrameworkNoneOSStartup\startup_ch32v00x.o
 .rela.text.__libc_init_array
                0x0000000000000d94        0x0 .pio\build\vsdsquadronMini\FrameworkNoneOSStartup\startup_ch32v00x.o

.fini           0x0000000000000d94        0x0
 *(SORT_NONE(.fini))
                0x0000000000000d94                . = ALIGN (0x4)
                [!provide]                        PROVIDE (_etext = .)
                [!provide]                        PROVIDE (_eitcm = .)

.preinit_array  0x0000000000000d94        0x0
                0x0000000000000d94                PROVIDE (__preinit_array_start = .)
 *(.preinit_array)
                0x0000000000000d94                PROVIDE (__preinit_array_end = .)

.init_array     0x0000000000000d94        0x0
                0x0000000000000d94                PROVIDE (__init_array_start = .)
 *(SORT_BY_INIT_PRIORITY(.init_array.*) SORT_BY_INIT_PRIORITY(.ctors.*))
 *(.init_array EXCLUDE_FILE(*crtend?.o *crtend.o *crtbegin?.o *crtbegin.o) .ctors)
                0x0000000000000d94                PROVIDE (__init_array_end = .)

.fini_array     0x0000000000000d94        0x0
                [!provide]                        PROVIDE (__fini_array_start = .)
 *(SORT_BY_INIT_PRIORITY(.fini_array.*) SORT_BY_INIT_PRIORITY(.dtors.*))
 *(.fini_array EXCLUDE_FILE(*crtend?.o *crtend.o *crtbegin?.o *crtbegin.o) .dtors)
                [!provide]                        PROVIDE (__fini_array_end = .)

.ctors
 *crtbegin.o(.ctors)
 *crtbegin?.o(.ctors)
 *(EXCLUDE_FILE(*crtend?.o *crtend.o) .ctors)
 *(SORT_BY_NAME(.ctors.*))
 *(.ctors)

.dtors
 *crtbegin.o(.dtors)
 *crtbegin?.o(.dtors)
 *(EXCLUDE_FILE(*crtend?.o *crtend.o) .dtors)
 *(SORT_BY_NAME(.dtors.*))
 *(.dtors)

.dalign         0x0000000020000000        0x0 load address 0x0000000000000d94
                0x0000000020000000                . = ALIGN (0x4)
                0x0000000020000000                PROVIDE (_data_vma = .)

.dlalign        0x0000000000000d94        0x0
                0x0000000000000d94                . = ALIGN (0x4)
                0x0000000000000d94                PROVIDE (_data_lma = .)

.data           0x0000000020000000        0x8 load address 0x0000000000000d94
 *(.gnu.linkonce.r.*)
 *(.data .data.*)
 .data.confirmed_state.3103
                0x0000000020000000        0x1 .pio\build\vsdsquadronMini\src\main.o
 .data.raw_prev.3104
                0x0000000020000001        0x1 .pio\build\vsdsquadronMini\src\main.o
 *(.gnu.linkonce.d.*)
                0x0000000020000008                . = ALIGN (0x8)
 *fill*         0x0000000020000002        0x6 
                0x0000000020000808                PROVIDE (__global_pointer$ = (. + 0x800))
 *(.sdata .sdata.*)
 *(.sdata2.*)
 *(.gnu.linkonce.s.*)
                0x0000000020000008                . = ALIGN (0x8)
 *(.srodata.cst16)
 *(.srodata.cst8)
 *(.srodata.cst4)
 *(.srodata.cst2)
 *(.srodata .srodata.*)
                0x0000000020000008                . = ALIGN (0x4)
                0x0000000020000008                PROVIDE (_edata = .)

.bss            0x0000000020000008      0x2bc load address 0x0000000000000d9c
                0x0000000020000008                . = ALIGN (0x4)
                0x0000000020000008                PROVIDE (_sbss = .)
 *(.sbss*)
 *(.gnu.linkonce.sb.*)
 *(.bss*)
 .bss.bounce_start.3105
                0x0000000020000008        0x4 .pio\build\vsdsquadronMini\src\main.o
 .bss.cmd_buf.3111
                0x000000002000000c       0x18 .pio\build\vsdsquadronMini\src\main.o
 .bss.cmd_idx.3112
                0x0000000020000024        0x1 .pio\build\vsdsquadronMini\src\main.o
 *fill*         0x0000000020000025        0x3 
 .bss.g_events_dropped
                0x0000000020000028        0x4 .pio\build\vsdsquadronMini\src\main.o
 .bss.g_events_total
                0x000000002000002c        0x4 .pio\build\vsdsquadronMini\src\main.o
 .bss.g_led_state
                0x0000000020000030        0x1 .pio\build\vsdsquadronMini\src\main.o
 *fill*         0x0000000020000031        0x3 
 .bss.g_queue   0x0000000020000034      0x284 .pio\build\vsdsquadronMini\src\main.o
 .bss.g_uptime_sec
                0x00000000200002b8        0x4 .pio\build\vsdsquadronMini\src\main.o
 .bss.last_tick.3098
                0x00000000200002bc        0x4 .pio\build\vsdsquadronMini\src\main.o
 .bss._millis_count
                0x00000000200002c0        0x4 .pio\build\vsdsquadronMini\src\timer.o
                0x00000000200002c0                _millis_count
 *(.gnu.linkonce.b.*)
 *(COMMON*)
                0x00000000200002c4                . = ALIGN (0x4)
                0x00000000200002c4                PROVIDE (_ebss = .)
                0x00000000200002c4                PROVIDE (_end = _ebss)
                [!provide]                        PROVIDE (end = .)

.stack          0x0000000020000700      0x100
                0x0000000020000700                PROVIDE (_heap_end = .)
                0x0000000020000700                . = ALIGN (0x4)
                [!provide]                        PROVIDE (_susrstack = .)
                0x0000000020000800                . = (. + __stack_size)
 *fill*         0x0000000020000700      0x100 
                0x0000000020000800                PROVIDE (_eusrstack = .)
                0x0000000020000800                __freertos_irq_stack_top = .
OUTPUT(.pio\build\vsdsquadronMini\firmware.elf elf32-littleriscv)

.debug_line     0x0000000000000000     0x2e66
 .debug_line    0x0000000000000000      0x188 .pio\build\vsdsquadronMini\FrameworkNoneOSStartup\startup_ch32v00x.o
 .debug_line    0x0000000000000188      0x3b3 .pio\build\vsdsquadronMini\FrameworkNoneOSSSystem\system_ch32v00x.o
 .debug_line    0x000000000000053b       0x98 .pio\build\vsdsquadronMini\FrameworkInitFini\cpp_support.o
 .debug_line    0x00000000000005d3      0x556 .pio\build\vsdsquadronMini\src\eventq.o
 .debug_line    0x0000000000000b29      0x453 .pio\build\vsdsquadronMini\src\gpio.o
 .debug_line    0x0000000000000f7c      0x8c7 .pio\build\vsdsquadronMini\src\main.o
 .debug_line    0x0000000000001843      0x32c .pio\build\vsdsquadronMini\src\timer.o
 .debug_line    0x0000000000001b6f      0x51a .pio\build\vsdsquadronMini\src\uart.o
 .debug_line    0x0000000000002089      0xddd .pio\build\vsdsquadronMini\libFrameworkNoneOSVariant.a(ch32v00x_rcc.o)

.debug_info     0x0000000000000000     0x2e8b
 .debug_info    0x0000000000000000       0x22 .pio\build\vsdsquadronMini\FrameworkNoneOSStartup\startup_ch32v00x.o
 .debug_info    0x0000000000000022      0x27c .pio\build\vsdsquadronMini\FrameworkNoneOSSSystem\system_ch32v00x.o
 .debug_info    0x000000000000029e       0x46 .pio\build\vsdsquadronMini\FrameworkInitFini\cpp_support.o
 .debug_info    0x00000000000002e4      0xc7d .pio\build\vsdsquadronMini\src\eventq.o
 .debug_info    0x0000000000000f61      0x2ee .pio\build\vsdsquadronMini\src\gpio.o
 .debug_info    0x000000000000124f      0xafd .pio\build\vsdsquadronMini\src\main.o
 .debug_info    0x0000000000001d4c      0x495 .pio\build\vsdsquadronMini\src\timer.o
 .debug_info    0x00000000000021e1      0x4cc .pio\build\vsdsquadronMini\src\uart.o
 .debug_info    0x00000000000026ad      0x7de .pio\build\vsdsquadronMini\libFrameworkNoneOSVariant.a(ch32v00x_rcc.o)

.debug_abbrev   0x0000000000000000      0xe04
 .debug_abbrev  0x0000000000000000       0x12 .pio\build\vsdsquadronMini\FrameworkNoneOSStartup\startup_ch32v00x.o
 .debug_abbrev  0x0000000000000012      0x165 .pio\build\vsdsquadronMini\FrameworkNoneOSSSystem\system_ch32v00x.o
 .debug_abbrev  0x0000000000000177       0x44 .pio\build\vsdsquadronMini\FrameworkInitFini\cpp_support.o
 .debug_abbrev  0x00000000000001bb      0x2a2 .pio\build\vsdsquadronMini\src\eventq.o
 .debug_abbrev  0x000000000000045d      0x156 .pio\build\vsdsquadronMini\src\gpio.o
 .debug_abbrev  0x00000000000005b3      0x228 .pio\build\vsdsquadronMini\src\main.o
 .debug_abbrev  0x00000000000007db      0x1a7 .pio\build\vsdsquadronMini\src\timer.o
 .debug_abbrev  0x0000000000000982      0x220 .pio\build\vsdsquadronMini\src\uart.o
 .debug_abbrev  0x0000000000000ba2      0x262 .pio\build\vsdsquadronMini\libFrameworkNoneOSVariant.a(ch32v00x_rcc.o)

.debug_aranges  0x0000000000000000      0x280
 .debug_aranges
                0x0000000000000000       0x30 .pio\build\vsdsquadronMini\FrameworkNoneOSStartup\startup_ch32v00x.o
 .debug_aranges
                0x0000000000000030       0x28 .pio\build\vsdsquadronMini\FrameworkNoneOSSSystem\system_ch32v00x.o
 .debug_aranges
                0x0000000000000058       0x20 .pio\build\vsdsquadronMini\FrameworkInitFini\cpp_support.o
 .debug_aranges
                0x0000000000000078       0x40 .pio\build\vsdsquadronMini\src\eventq.o
 .debug_aranges
                0x00000000000000b8       0x38 .pio\build\vsdsquadronMini\src\gpio.o
 .debug_aranges
                0x00000000000000f0       0x28 .pio\build\vsdsquadronMini\src\main.o
 .debug_aranges
                0x0000000000000118       0x30 .pio\build\vsdsquadronMini\src\timer.o
 .debug_aranges
                0x0000000000000148       0x58 .pio\build\vsdsquadronMini\src\uart.o
 .debug_aranges
                0x00000000000001a0       0xe0 .pio\build\vsdsquadronMini\libFrameworkNoneOSVariant.a(ch32v00x_rcc.o)

.debug_str      0x0000000000000000     0x10b9
 .debug_str     0x0000000000000000       0xc2 .pio\build\vsdsquadronMini\FrameworkNoneOSStartup\startup_ch32v00x.o
 .debug_str     0x00000000000000c2      0x261 .pio\build\vsdsquadronMini\FrameworkNoneOSSSystem\system_ch32v00x.o
                                        0x317 (size before relaxing)
 .debug_str     0x0000000000000323       0x5d .pio\build\vsdsquadronMini\FrameworkInitFini\cpp_support.o
                                        0x177 (size before relaxing)
 .debug_str     0x0000000000000380      0x4ec .pio\build\vsdsquadronMini\src\eventq.o
                                        0x6f2 (size before relaxing)
 .debug_str     0x000000000000086c       0x59 .pio\build\vsdsquadronMini\src\gpio.o
                                        0x2ae (size before relaxing)
 .debug_str     0x00000000000008c5      0x183 .pio\build\vsdsquadronMini\src\main.o
                                        0x4a0 (size before relaxing)
 .debug_str     0x0000000000000a48      0x276 .pio\build\vsdsquadronMini\src\timer.o
                                        0x474 (size before relaxing)
 .debug_str     0x0000000000000cbe       0x6b .pio\build\vsdsquadronMini\src\uart.o
                                        0x364 (size before relaxing)
 .debug_str     0x0000000000000d29      0x390 .pio\build\vsdsquadronMini\libFrameworkNoneOSVariant.a(ch32v00x_rcc.o)
                                        0x62e (size before relaxing)

.debug_ranges   0x0000000000000000      0x278
 .debug_ranges  0x0000000000000000       0x28 .pio\build\vsdsquadronMini\FrameworkNoneOSStartup\startup_ch32v00x.o
 .debug_ranges  0x0000000000000028       0x18 .pio\build\vsdsquadronMini\FrameworkNoneOSSSystem\system_ch32v00x.o
 .debug_ranges  0x0000000000000040       0x10 .pio\build\vsdsquadronMini\FrameworkInitFini\cpp_support.o
 .debug_ranges  0x0000000000000050       0x30 .pio\build\vsdsquadronMini\src\eventq.o
 .debug_ranges  0x0000000000000080       0x48 .pio\build\vsdsquadronMini\src\gpio.o
 .debug_ranges  0x00000000000000c8       0x78 .pio\build\vsdsquadronMini\src\main.o
 .debug_ranges  0x0000000000000140       0x20 .pio\build\vsdsquadronMini\src\timer.o
 .debug_ranges  0x0000000000000160       0x48 .pio\build\vsdsquadronMini\src\uart.o
 .debug_ranges  0x00000000000001a8       0xd0 .pio\build\vsdsquadronMini\libFrameworkNoneOSVariant.a(ch32v00x_rcc.o)

.debug_loc      0x0000000000000000      0xbb3
 .debug_loc     0x0000000000000000       0x55 .pio\build\vsdsquadronMini\FrameworkNoneOSSSystem\system_ch32v00x.o
 .debug_loc     0x0000000000000055      0x297 .pio\build\vsdsquadronMini\src\eventq.o
 .debug_loc     0x00000000000002ec       0xbd .pio\build\vsdsquadronMini\src\gpio.o
 .debug_loc     0x00000000000003a9       0xf8 .pio\build\vsdsquadronMini\src\main.o
 .debug_loc     0x00000000000004a1       0x14 .pio\build\vsdsquadronMini\src\timer.o
 .debug_loc     0x00000000000004b5      0x11b .pio\build\vsdsquadronMini\src\uart.o
 .debug_loc     0x00000000000005d0      0x5e3 .pio\build\vsdsquadronMini\libFrameworkNoneOSVariant.a(ch32v00x_rcc.o)

.comment        0x0000000000000000       0x33
 .comment       0x0000000000000000       0x33 .pio\build\vsdsquadronMini\FrameworkNoneOSSSystem\system_ch32v00x.o
                                         0x34 (size before relaxing)
 .comment       0x0000000000000033       0x34 .pio\build\vsdsquadronMini\FrameworkInitFini\cpp_support.o
 .comment       0x0000000000000033       0x34 .pio\build\vsdsquadronMini\src\eventq.o
 .comment       0x0000000000000033       0x34 .pio\build\vsdsquadronMini\src\gpio.o
 .comment       0x0000000000000033       0x34 .pio\build\vsdsquadronMini\src\main.o
 .comment       0x0000000000000033       0x34 .pio\build\vsdsquadronMini\src\timer.o
 .comment       0x0000000000000033       0x34 .pio\build\vsdsquadronMini\src\uart.o
 .comment       0x0000000000000033       0x34 .pio\build\vsdsquadronMini\libFrameworkNoneOSVariant.a(ch32v00x_rcc.o)

.debug_frame    0x0000000000000000      0x524
 .debug_frame   0x0000000000000000       0x50 .pio\build\vsdsquadronMini\FrameworkNoneOSSSystem\system_ch32v00x.o
 .debug_frame   0x0000000000000050       0x30 .pio\build\vsdsquadronMini\FrameworkInitFini\cpp_support.o
 .debug_frame   0x0000000000000080       0x90 .pio\build\vsdsquadronMini\src\eventq.o
 .debug_frame   0x0000000000000110       0x50 .pio\build\vsdsquadronMini\src\gpio.o
 .debug_frame   0x0000000000000160       0x3c .pio\build\vsdsquadronMini\src\main.o
 .debug_frame   0x000000000000019c       0x40 .pio\build\vsdsquadronMini\src\timer.o
 .debug_frame   0x00000000000001dc       0xdc .pio\build\vsdsquadronMini\src\uart.o
 .debug_frame   0x00000000000002b8      0x1dc .pio\build\vsdsquadronMini\libFrameworkNoneOSVariant.a(ch32v00x_rcc.o)
 .debug_frame   0x0000000000000494       0x38 c:/users/rushi/.platformio/packages/toolchain-riscv/bin/../lib/gcc/riscv-none-embed/8.2.0/../../../../riscv-none-embed/lib/rv32ecxw/ilp32e\libc_nano.a(lib_a-init.o)
 .debug_frame   0x00000000000004cc       0x38 c:/users/rushi/.platformio/packages/toolchain-riscv/bin/../lib/gcc/riscv-none-embed/8.2.0/../../../../riscv-none-embed/lib/rv32ecxw/ilp32e\libc_nano.a(lib_a-memcpy.o)
 .debug_frame   0x0000000000000504       0x20 c:/users/rushi/.platformio/packages/toolchain-riscv/bin/../lib/gcc/riscv-none-embed/8.2.0/../../../../riscv-none-embed/lib/rv32ecxw/ilp32e\libc_nano.a(lib_a-strncpy.o)
